// Jest Snapshot v1, https://goo.gl/fbAQLP

exports[`<Footer /> Snapshot testing 1`] = `
<DocumentFragment>
  <div
    class="ant-breadcrumb"
    style="margin: 16px 30px;"
  >
    <span>
      <span
        class="ant-breadcrumb-link"
        data-testid="current"
      >
        Current Test
      </span>
      <span
        class="ant-breadcrumb-separator"
      >
        /
      </span>
    </span>
  </div>
</DocumentFragment>
`;
